02803602;3852;3920;3124;3661;+0.000;+0.000
02992988;3537;3622;3593;3644;+0.000;+0.000
03081746;3701;3775;3336;3647;+0.000;+0.000
07218345;2835;2889;2963;2927;-0.540;+0.102
07305393;0048;0028;0032;0032;-0.006;-0.025
07392708;0050;0027;0033;0032;-0.006;-0.025
07479936;0050;0032;0040;0032;-0.006;-0.021
07567252;0048;0027;0031;0032;-0.006;-0.025
07654488;0049;0028;0035;0032;-0.006;-0.024
07741806;0048;0023;0035;0032;-0.008;-0.025
00020006;0048;0032;0033;0030;-0.004;-0.022
00107324;0049;0027;0034;0030;-0.006;-0.024
00194552;0048;0027;0035;0032;-0.007;-0.024
00281873;0052;0026;0036;0032;-0.006;-0.025
00369105;0046;0027;0032;0032;-0.007;-0.024
00456420;0048;0028;0032;0032;-0.006;-0.025
00543653;0048;0027;0034;0032;-0.007;-0.024
00630972;0048;0025;0032;0032;-0.007;-0.026
00718197;0052;0025;0034;0032;-0.006;-0.026
00805516;0048;0030;0032;0032;-0.005;-0.024
00892742;0048;0025;0032;0032;-0.007;-0.026
00980060;0049;0025;0035;0032;-0.007;-0.025
01067287;0048;0027;0034;0032;-0.007;-0.024
01154611;0050;0026;0034;0032;-0.006;-0.025
01241846;0049;0025;0033;0032;-0.007;-0.026
01329158;0048;0027;0034;0032;-0.007;-0.024
01416387;0050;0026;0034;0032;-0.006;-0.025
01503702;0046;0027;0033;0031;-0.007;-0.024
01590928;0049;0026;0036;0032;-0.007;-0.024
01678246;0049;0027;0032;0032;-0.006;-0.025
01765474;0045;0028;0034;0032;-0.007;-0.023
01852794;0049;0027;0034;0032;-0.006;-0.025
01940028;0050;0027;0034;0030;-0.005;-0.024
02027349;0049;0027;0033;0032;-0.006;-0.025
02114584;0049;0027;0033;0032;-0.006;-0.025
02201812;0049;0025;0032;0032;-0.006;-0.026
02289125;0051;0026;0035;0031;-0.006;-0.025
02376359;0048;0027;0034;0032;-0.007;-0.024
02463684;0050;0032;0035;0032;-0.005;-0.023
02550915;0048;0026;0034;0027;-0.005;-0.023
02638233;0047;0043;0032;0032;-0.001;-0.019
02725464;0064;0056;0030;0027;+0.012;-0.020
02812778;0092;0083;0032;0032;+0.028;-0.021
02900010;0095;0089;0033;0027;+0.032;-0.018
02987326;0112;0113;0033;0031;+0.045;-0.017
03074559;0147;0153;0030;0030;+0.073;-0.016
03161876;0184;0202;0036;0032;+0.100;-0.011
03249107;0241;0256;0032;0032;+0.141;-0.013
03336422;0275;0285;0030;0032;+0.165;-0.016
03423652;0315;0321;0033;0032;+0.192;-0.016
03510971;0370;0387;0034;0032;+0.237;-0.012
03598204;0411;0440;0032;0033;+0.273;-0.009
03685524;0440;0481;0033;0032;+0.300;-0.004
03772755;0481;0528;0032;0032;+0.335;-0.002
03860074;0558;0626;0032;0032;+0.405;+0.006
03947306;0599;0683;0034;0034;+0.443;+0.012
04034623;0625;0722;0033;0032;+0.472;+0.017
04121855;0683;0803;0033;0027;+0.532;+0.028
04209088;0739;0876;0030;0030;+0.588;+0.032
04296410;0769;0921;0033;0031;+0.620;+0.039
04383647;0832;1005;0033;0032;+0.687;+0.047
04470967;0857;1038;0033;0032;+0.713;+0.051
04558193;0898;1096;0032;0032;+0.760;+0.058
04645514;0961;1164;0033;0027;+0.825;+0.063
04732748;0995;1225;0035;0032;+0.869;+0.073
04820065;1025;1269;0034;0032;+0.907;+0.079
04907300;1075;1338;0032;0032;+0.969;+0.087
04994539;1112;1381;0032;0032;+1.011;+0.090
05081862;1145;1430;0036;0032;+1.053;+0.099
05169090;1158;1450;0033;0032;+1.072;+0.101
05256411;1176;1466;0030;0034;+1.091;+0.098
05343644;1205;1502;0034;0032;+1.127;+0.104
05430965;1245;1541;0032;0034;+1.171;+0.103
05518207;1247;1552;0033;0027;+1.180;+0.110
05605529;1267;1572;0033;0030;+1.202;+0.110
05692760;1291;1582;0040;0029;+1.220;+0.107
05779995;1314;1621;0035;0036;+1.256;+0.110
05867313;1339;1643;0035;0031;+1.285;+0.111
05954549;1360;1670;0032;0032;+1.315;+0.112
06041871;1371;1686;0034;0032;+1.331;+0.116
06129103;1393;1709;0033;0027;+1.360;+0.119
06216423;1416;1725;0034;0027;+1.384;+0.116
06303656;1433;1743;0033;0032;+1.404;+0.115
06390975;1466;1777;0033;0032;+1.447;+0.116
06478212;1503;1817;0032;0032;+1.497;+0.118
06565447;1509;1823;0033;0032;+1.505;+0.118
06652776;1530;1844;0034;0032;+1.532;+0.119
06740016;1530;1840;0033;0032;+1.530;+0.117
06827338;1545;1856;0032;0032;+1.551;+0.117
06914570;1548;1860;0040;0032;+1.553;+0.121
07001888;1544;1856;0032;0027;+1.552;+0.120
07089116;1562;1870;0033;0032;+1.571;+0.117
07176429;1603;1913;0030;0032;+1.630;+0.117
07263662;1636;1941;0032;0032;+1.672;+0.117
07350982;1657;1963;0032;0032;+1.702;+0.118
07438205;1695;2000;0032;0036;+1.755;+0.116
07525519;1715;2016;0032;0032;+1.783;+0.117
07612749;1747;2050;0034;0032;+1.832;+0.119
07700070;1800;2109;0033;0032;+1.918;+0.123
07787307;1859;2166;0032;0034;+2.011;+0.122
00065511;1963;2280;0030;0027;+2.199;+0.133
00152830;2039;2355;0033;0032;+2.334;+0.134
00240061;2081;2401;0033;0030;+2.418;+0.138
00327372;2120;2451;0034;0032;+2.505;+0.145
00414602;2156;2493;0033;0032;+2.586;+0.148
00501921;2200;2534;0032;0032;+2.677;+0.148
00589148;2239;2577;0034;0027;+2.768;+0.155
00676459;2271;2617;0034;0032;+2.850;+0.158
00763690;2313;2651;0034;0032;+2.941;+0.155
00851004;2339;2676;0034;0032;+3.004;+0.156
00938234;2361;2702;0032;0032;+3.065;+0.158
01025562;2396;2725;0030;0032;+3.142;+0.151
01112800;2415;2748;0034;0030;+3.198;+0.157
01200121;2465;2792;0030;0032;+3.330;+0.153
01287360;2501;2824;0033;0032;+3.430;+0.153
01374596;2530;2843;0032;0032;+3.504;+0.148
01461916;2568;2877;0034;0034;+3.618;+0.147
01549154;2614;2916;0034;0030;+3.763;+0.147
01636476;2654;2950;0034;0032;+3.896;+0.144
01723714;2708;2994;0034;0032;+4.087;+0.140
01811036;2747;3031;0032;0032;+4.248;+0.139
01898278;2800;3416;0033;0032;+5.220;+0.305
01985519;2836;3411;0035;0030;+5.350;+0.286
02072852;2867;3416;0032;0032;+5.469;+0.264
02160082;3418;3415;0032;0032;+20.000;-0.007
02247403;3417;3413;0032;0032;+20.000;-0.007
02334635;3416;3415;0032;0032;+20.000;-0.007
02421873;3417;3414;0032;0026;+20.000;-0.003
02509200;3419;3414;0040;0032;+20.000;-0.001
02596437;3420;3415;0032;0032;+20.000;-0.007
02683753;3418;3415;0033;0032;+20.000;-0.006
02770986;3420;3413;0032;0032;+20.000;-0.007
02858317;3420;3415;0035;0032;+20.000;-0.005
02945559;3420;3415;0034;0030;+20.000;-0.004
03032804;3418;3413;0032;0030;+20.000;-0.005
03120054;3417;3416;0034;0027;+20.000;-0.002
03207383;3421;3414;0032;0032;+20.000;-0.007
03294622;3420;3415;0032;0032;+20.000;-0.007
03381956;3418;3415;0032;0027;+20.000;-0.003
03469198;3415;3414;0033;0032;+20.000;-0.006
03556438;3418;3414;0032;0032;+20.000;-0.007
03643770;3417;3414;0034;0032;+20.000;-0.005
03731014;3418;3416;0034;0032;+20.000;-0.005
03818258;3418;3414;0032;0032;+20.000;-0.007
03905583;3417;3413;0034;0034;+20.000;-0.007
03992816;3418;3415;0032;0032;+20.000;-0.007
04080052;3415;3415;0034;0032;+20.000;-0.005
04167376;3418;3416;0032;0029;+20.000;-0.005
04254618;3420;3414;0035;0032;+20.000;-0.005
04341947;3420;3414;0033;0032;+20.000;-0.006
04429181;3420;3414;0032;0032;+20.000;-0.007
04516422;3415;3413;0032;0030;+20.000;-0.005
04603750;3418;3413;0033;0027;+20.000;-0.003
04690988;3420;3414;0034;0032;+20.000;-0.005
04778316;3419;3413;0034;0032;+20.000;-0.005
04865550;3415;3415;0032;0032;+20.000;-0.007
04952793;3418;3416;0032;0032;+20.000;-0.007
05040119;3417;3413;0031;0032;+20.000;-0.007
05127361;3417;3411;0036;0031;+20.000;-0.003
05214607;3420;3415;0033;0032;+20.000;-0.006
05301938;3418;3414;0034;0032;+20.000;-0.005
05389182;3419;3414;0033;0027;+20.000;-0.003
05476426;3417;3415;0032;0032;+20.000;-0.007
05563757;3419;3414;0032;0030;+20.000;-0.005
05651002;3418;3414;0033;0036;+20.000;-0.009
05738250;3415;3415;0034;0031;+20.000;-0.005
05825581;3417;3413;0033;0032;+20.000;-0.006
05912822;3416;3416;0032;0032;+20.000;-0.007
06000069;3415;3414;0033;0030;+20.000;-0.005
06087403;3416;3415;0031;0032;+20.000;-0.007
06174643;3415;3416;0035;0029;+20.000;-0.003
06261880;3417;3414;0032;0034;+20.000;-0.008
06349203;3417;3415;0034;0032;+20.000;-0.005
06436447;3418;3414;0030;0032;+20.000;-0.008
06523690;3416;3414;0033;0033;+20.000;-0.007
06611021;3418;3415;0033;0032;+20.000;-0.006
06698270;3419;3415;0032;0032;+20.000;-0.007
06785517;3418;3415;0034;0032;+20.000;-0.005
06872846;3420;3415;0032;0032;+20.000;-0.007
06960080;3419;3414;0032;0032;+20.000;-0.007
07047405;3417;3415;0034;0031;+20.000;-0.005
07134643;3420;3415;0032;0032;+20.000;-0.007
07221879;3420;3415;0034;0033;+20.000;-0.006
07309211;3419;3413;0033;0032;+20.000;-0.006
07396455;3415;3413;0032;0032;+20.000;-0.007
07483688;3417;3414;0033;0032;+20.000;-0.006
07571011;3418;3415;0036;0034;+20.000;-0.005
07658243;3416;3414;0030;0032;+20.000;-0.008
07745560;3419;3413;0034;0030;+20.000;-0.004
00023770;3418;3414;0034;0034;+20.000;-0.007
00111092;3415;3413;0033;0032;+20.000;-0.006
00198333;3418;3413;0034;0034;+20.000;-0.007
00285572;3420;3413;0034;0029;+20.000;-0.003
00372898;3419;3414;0032;0027;+20.000;-0.003
00460136;3416;3416;0033;0032;+20.000;-0.006
00547465;3418;3414;0032;0032;+20.000;-0.007
00634703;3417;3414;0033;0032;+20.000;-0.006
00721934;3418;3413;0033;0032;+20.000;-0.006
00809259;3420;3413;0032;0032;+20.000;-0.007
00896496;3419;3413;0032;0032;+20.000;-0.007
00983824;3417;3413;0032;0032;+20.000;-0.007
01071067;3418;3413;0033;0032;+20.000;-0.006
01158301;3419;3412;0034;0033;+20.000;-0.006
01245630;3418;3413;0034;0032;+20.000;-0.005
01332871;3418;3415;0033;0032;+20.000;-0.006
01420195;3418;3414;0034;0032;+20.000;-0.005
01507426;3418;3415;0032;0032;+20.000;-0.007
01594662;3421;3415;0036;0032;+20.000;-0.004
01681990;3419;3413;0032;0032;+20.000;-0.007
01769225;3419;3415;0032;0032;+20.000;-0.007
01856543;3419;3415;0033;0032;+20.000;-0.006
01943779;3415;3416;0033;0030;+20.000;-0.005
02031102;3415;3414;0034;0031;+20.000;-0.005
02118336;3418;3415;0036;0036;+20.000;-0.007
02205567;3420;3414;0032;0032;+20.000;-0.007
02292884;3418;3415;0033;0032;+20.000;-0.006
02380120;3418;3414;0035;0032;+20.000;-0.005
02467444;3415;3417;0033;0032;+20.000;-0.006
02554687;3419;3413;0034;0031;+20.000;-0.005
02642012;3416;3414;0033;0032;+20.000;-0.006
02729250;3417;3415;0034;0032;+20.000;-0.005
02816486;3420;3415;0033;0032;+20.000;-0.006
02903811;3418;3416;0033;0027;+20.000;-0.003
02991048;3415;3411;0032;0032;+20.000;-0.007
03078376;3420;3413;0032;0031;+20.000;-0.006
03165616;3417;3412;0031;0032;+20.000;-0.007
03252851;3418;3413;0036;0032;+20.000;-0.004
03340172;3417;3415;0035;0036;+20.000;-0.007
03427411;3415;3415;0033;0032;+20.000;-0.006
03514737;3419;3415;0032;0032;+20.000;-0.007
03601967;3417;3413;0034;0032;+20.000;-0.005
03689201;3417;3415;0040;0032;+20.000;-0.001
03776529;3420;3415;0035;0032;+20.000;-0.005
03863763;3420;3414;0032;0032;+20.000;-0.007
03951079;3419;3414;0032;0032;+20.000;-0.007
04038309;3416;3414;0030;0032;+20.000;-0.008
04125629;3417;3413;0034;0034;+20.000;-0.007
04212865;3417;3415;0032;0032;+20.000;-0.007
04300194;3419;3413;0032;0029;+20.000;-0.005
04387428;3417;3412;0032;0034;+20.000;-0.008
04474670;3418;3415;0034;0032;+20.000;-0.005
04561999;3420;3414;0032;0032;+20.000;-0.007
04649228;3416;3415;0032;0032;+20.000;-0.007
04736544;3419;3413;0032;0032;+20.000;-0.007
04823775;3420;3415;0035;0032;+20.000;-0.005
04911096;3419;3414;0034;0034;+20.000;-0.007
04998322;3418;3415;0032;0032;+20.000;-0.007
05085639;3418;3414;0032;0032;+20.000;-0.007
05172876;3417;3415;0031;0032;+20.000;-0.007
05260111;3415;3414;0032;0032;+20.000;-0.007
05347432;3418;3413;0033;0027;+20.000;-0.003
05434683;3418;3413;0042;0032;+20.000;+0.000
05521990;3419;3416;0055;0027;+20.000;+0.012
05609228;3418;3415;0083;0027;+20.000;+0.031
05696547;3417;3413;0225;0032;+20.000;+0.128
05783780;3418;3413;0387;0034;+20.000;+0.246
05871019;3417;3411;0632;0033;+20.000;+0.441
05958345;3417;3413;0815;0032;+20.000;+0.599
06045578;3420;3414;0988;0032;+20.000;+0.758
06132900;3420;3414;1162;0032;+20.000;+0.929
06220133;3415;3413;1413;0034;+20.000;+1.201
06307458;3417;3414;1646;0030;+20.000;+1.489
06394695;3418;3412;1694;0030;+20.000;+1.553
06481931;3418;3416;1705;0030;+20.000;+1.568
06569253;3418;3412;1705;0032;+20.000;+1.566
06656491;3418;3413;1706;0032;+20.000;+1.568
06743813;3420;3414;1713;0032;+20.000;+1.577
06831046;3420;3414;1721;0032;+20.000;+1.588
06918365;3415;3412;1769;0032;+20.000;+1.654
07005592;3417;3414;1842;0032;+20.000;+1.759
07092913;3416;3413;2010;0058;+20.000;+2.003
07180147;3418;3414;2172;0208;+20.000;+2.185
07267464;3416;3413;2316;0412;+20.000;+2.327
07354691;3417;3412;2468;0688;+20.000;+2.466
07442007;3417;3415;2621;0924;+20.000;+2.688
07529242;3417;3414;2725;1169;+20.000;+2.803
07616478;3418;3413;2837;1370;+20.000;+3.038
07703797;3415;3412;2910;1622;+20.000;+3.099
07791028;3416;3412;3011;1896;+20.000;+3.333
00069306;3417;3415;3423;2095;+20.000;+20.000
00156537;3417;3413;3419;2351;+20.000;+20.000
00243850;3420;3415;3421;2709;+0.000;+0.000
00331163;3419;3415;3425;2988;+0.000;+0.000
05237703;3419;3417;3424;3172;+0.000;+0.000
05351322;3420;3415;3420;3133;+0.000;+0.000
05438300;3415;3420;3424;3068;+0.000;+0.000
05525627;3420;3416;3418;2982;+0.000;+0.000
05612865;3424;3415;3423;2895;+0.000;+0.000
05700107;3420;3417;3423;2746;+0.000;+0.000
05787432;3418;3414;3422;2604;+0.000;+0.000
05874675;3417;3414;3418;2454;+20.000;+20.000
05961918;3417;3413;3418;2276;+20.000;+20.000
06049240;3417;3414;3422;2111;+20.000;+20.000
06136481;3417;3413;3419;1953;+20.000;+20.000
06223806;3417;3414;3423;1795;+20.000;+20.000
06311050;3417;3414;2926;1642;+20.000;+3.158
06398289;3415;3413;2868;1488;+20.000;+3.050
06485615;3417;3413;2823;1378;+20.000;+2.970
06572848;3417;3414;2750;1205;+20.000;+2.859
06660166;3417;3414;2640;0995;+20.000;+2.684
06747397;3415;3416;2567;0833;+20.000;+2.609
06834712;3417;3413;2484;0713;+20.000;+2.486
06921941;3417;3413;2381;0539;+20.000;+2.376
07009264;3415;3414;2250;0323;+20.000;+2.256
07096503;3417;3407;2145;0167;+20.000;+2.163
07183742;3417;3412;2078;0115;+20.000;+2.079
07271066;3415;3414;2033;0073;+20.000;+2.031
07358299;3417;3414;1963;0043;+20.000;+1.937
07445615;3415;3413;1899;0032;+20.000;+1.844
07532854;3417;3413;1826;0033;+20.000;+1.735
07620179;3417;3413;1699;0032;+20.000;+1.558
07707416;3415;3414;1634;0032;+20.000;+1.472
07794652;3420;3414;1588;0032;+20.000;+1.413
00072946;3418;3414;1491;0032;+20.000;+1.294
00160178;3416;3416;1345;0032;+20.000;+1.125
00247494;3416;3413;1170;0032;+20.000;+0.938
00334732;3418;3415;1024;0034;+20.000;+0.791
00422050;3418;3413;0816;0034;+20.000;+0.598
00509281;3415;3413;0592;0032;+20.000;+0.409
00596606;3417;3413;0371;0032;+20.000;+0.236
00683837;3418;3411;0198;0032;+20.000;+0.109
00771077;3419;3414;0088;0032;+20.000;+0.031
00858399;3417;3415;0038;0031;+20.000;-0.002
00945639;3420;3414;0034;0031;+20.000;-0.005
01032968;3420;3414;0032;0032;+20.000;-0.007
01120209;3417;3415;0032;0032;+20.000;-0.007
01207450;3419;3414;0033;0032;+20.000;-0.006
01294775;3418;3414;0031;0034;+20.000;-0.009
01382019;3417;3415;0040;0032;+20.000;-0.001
01469253;3418;3415;0034;0032;+20.000;-0.005
01556576;3418;3413;0033;0032;+20.000;-0.006
01643806;3419;3415;0036;0036;+20.000;-0.007
01731133;3415;3413;0035;0032;+20.000;-0.005
01818367;3419;3414;0033;0029;+20.000;-0.004
01905690;3418;3414;0032;0032;+20.000;-0.007
01992926;3418;3414;0033;0032;+20.000;-0.006
02080163;3418;3414;0032;0032;+20.000;-0.007
02167482;3416;3415;0030;0032;+20.000;-0.008
02254716;3419;3413;0032;0032;+20.000;-0.007
02342037;3417;3414;0034;0032;+20.000;-0.005
02429273;3418;3414;0030;0032;+20.000;-0.008
02516598;3415;3414;0032;0032;+20.000;-0.007
02603837;3419;3415;0033;0034;+20.000;-0.007
02691066;3418;3415;0033;0034;+20.000;-0.007
02778386;3419;3415;0034;0030;+20.000;-0.004
02865622;3418;3413;0032;0032;+20.000;-0.007
02952942;3418;3415;0036;0032;+20.000;-0.004
03040182;3418;3415;0033;0032;+20.000;-0.006
03127510;3417;3414;0032;0027;+20.000;-0.003
03214751;3417;3413;0032;0032;+20.000;-0.007
03301995;3420;3414;0032;0031;+20.000;-0.006
03389318;3419;3411;0034;0034;+20.000;-0.007
03476558;3417;3413;0032;0029;+20.000;-0.005
03563807;2848;3411;0034;0034;+5.394;+0.276
03651137;2678;2963;0032;0032;+3.967;+0.137
03738378;2474;2801;0033;0032;+3.355;+0.155
03825620;2200;2528;0034;0034;+2.669;+0.145
03912948;1981;2295;0033;0032;+2.225;+0.131
04000186;1842;2145;0030;0032;+1.981;+0.120
04087513;1645;1954;0032;0032;+1.687;+0.119
04174747;1430;1741;0034;0032;+1.401;+0.115
04261984;1280;1589;0032;0032;+1.219;+0.110
04349307;0946;1152;0035;0032;+0.809;+0.063
04436538;0529;0597;0034;0032;+0.381;+0.006
04523862;0145;0184;0034;0032;+0.081;-0.004
04611101;0048;0026;0034;0032;-0.007;-0.025
04698338;0050;0026;0065;0032;-0.017;-0.015
04785665;0050;0027;0286;0147;-0.134;+0.022
04872902;0049;0028;0414;0288;-0.233;+0.019
04960224;0049;0027;0526;0411;-0.323;+0.015
05047464;0048;0026;0755;0682;-0.529;-0.001
05134707;0049;0026;1098;1058;-0.859;-0.015
05222030;0048;0026;1378;1368;-1.172;-0.028
05309265;0050;0023;1737;1732;-1.623;-0.034
05396592;0048;0025;2121;2108;-2.216;-0.031
05483830;0048;0024;2456;2449;-2.911;-0.038
05571071;0048;0024;2729;2717;-3.675;-0.037
05658405;0051;0032;2930;2904;-4.445;-0.028
05745646;0049;0024;3071;3055;-5.300;-0.039
05832884;0048;0025;3422;3423;-20.000;-0.045
05920213;0049;0026;3423;3421;-20.000;-0.045
06007450;0049;0025;3421;3421;-20.000;-0.045
06094777;0050;0026;3422;3421;-20.000;-0.045
06182012;0048;0023;3425;3421;-20.000;-0.046
06269257;0048;0027;3423;3421;-20.000;-0.043
06356588;0048;0026;3421;3420;-20.000;-0.044
06443827;0048;0026;3419;3421;-20.000;-0.044
06531068;0047;0026;3423;3421;-20.000;-0.043
06618399;0050;0027;3422;3421;-20.000;-0.045
06705639;0049;0026;3423;3419;-20.000;-0.045
06792970;0048;0025;3421;3421;-20.000;-0.045
06880209;0048;0027;3423;3421;-20.000;-0.043
06967450;0048;0027;3419;3423;-20.000;-0.043
07054775;0048;0026;3422;3421;-20.000;-0.044
07142013;0049;0027;3420;3420;-20.000;-0.044
07229252;0048;0026;3427;3421;-20.000;-0.044
07316583;0048;0026;3423;3421;-20.000;-0.044
07403819;0049;0026;3423;3421;-20.000;-0.045
07491067;0049;0026;3420;3420;-20.000;-0.045
07578389;0048;0025;3421;3421;-20.000;-0.045
07665627;0048;0026;3425;3420;-20.000;-0.044
07752955;0049;0027;3423;3419;-20.000;-0.044
00031168;0048;0026;3424;3420;-20.000;-0.044
00118409;0048;0025;3423;3421;-20.000;-0.045
00205734;0051;0027;3421;3420;-20.000;-0.045
00292968;0047;0025;3423;3421;-20.000;-0.044
00380296;0048;0024;3423;3422;-20.000;-0.045
00467533;0048;0024;3423;3422;-20.000;-0.045
00554770;0048;0026;3423;3421;-20.000;-0.044
00642097;0048;0028;3424;3421;-20.000;-0.043
00729336;0048;0026;3424;3422;-20.000;-0.044
00816663;0047;0032;3425;3420;-20.000;-0.039
00903902;0048;0025;3423;3421;-20.000;-0.045
00991137;0050;0032;3423;3423;-20.000;-0.041
01078457;0050;0023;3423;3423;-20.000;-0.047
01165687;0049;0030;3422;3420;-20.000;-0.042
01253009;0048;0026;3419;3421;-20.000;-0.044
01340238;0050;0026;3423;3422;-20.000;-0.045
01427565;0049;0030;3423;3420;-20.000;-0.042
01514802;0049;0027;3425;3422;-20.000;-0.044
01602041;0045;0027;3424;3421;-20.000;-0.041
01689370;0050;0027;3425;3421;-20.000;-0.045
01776614;0050;0032;3423;3423;-20.000;-0.041
01863857;0066;0026;3423;3421;-20.000;-0.056
01951188;0105;0026;3428;3422;-20.000;-0.083
02038433;0256;0027;3429;3423;-20.000;-0.190
02125677;0367;0025;3424;3421;-20.000;-0.274
02213010;0544;0032;3423;3420;-20.000;-0.407
02300255;0650;0026;3425;3422;-20.000;-0.498
02387495;0718;0028;3426;3421;-20.000;-0.555
02474820;0744;0027;3425;3422;-20.000;-0.578
02562061;0865;0027;3423;3420;-20.000;-0.685
02649392;0918;0026;3428;3422;-20.000;-0.735
02736629;1030;0026;3423;3423;-20.000;-0.841
02823866;1088;0030;3428;3421;-20.000;-0.895
02911194;1088;0026;3425;3420;-20.000;-0.898
02998434;1128;0026;3421;3421;-20.000;-0.938
03085681;1186;0026;3426;3421;-20.000;-0.998
03173008;1280;0025;3423;3422;-20.000;-1.099
03260253;1337;0028;3426;3422;-20.000;-1.159
03347500;1416;0025;3424;3421;-20.000;-1.251
03434829;1523;0027;3423;3423;-20.000;-1.378
03522068;1592;0058;3428;3421;-20.000;-1.444
03609308;1674;0133;3426;3421;-20.000;-1.501
03696630;1748;0256;3424;3422;-20.000;-1.517
03783868;1863;0485;3423;3423;-20.000;-1.518
03871192;2088;0915;3423;3423;-20.000;-1.534
03958433;2253;1229;3429;3422;-20.000;-1.553
04045671;2306;1331;3426;3423;-20.000;-1.559
04132998;2350;1426;3427;3421;-20.000;-1.552
04220236;2441;1615;3423;3423;-20.000;-1.547
04307557;2569;1931;3428;3422;-20.000;-1.461
04394790;2697;2389;3425;3421;-20.000;-1.025
04482119;2746;2709;3423;3421;-20.000;-0.303
04569357;2809;2881;3428;3421;-20.000;+0.137
04656594;3418;2980;3423;3421;+0.000;+0.000
04743919;3420;3031;3422;3421;+0.000;+0.000
04831242;3415;3067;3423;3424;+0.000;+0.000
04936814;3417;3126;3423;3420;+0.000;+0.000
00180110;3420;3141;3419;3420;+0.000;+0.000
00271536;3420;3086;3421;3420;+0.000;+0.000
00358596;3420;3005;3419;3420;+0.000;+0.000
00445835;2868;2936;3424;3421;-20.000;+0.135
00533158;2794;2848;3423;3422;-20.000;+0.050
00620399;2749;2666;3426;3423;-20.000;-0.463
00707644;2575;1915;3423;3421;-20.000;-1.503
00794968;2252;1197;3422;3422;-20.000;-1.583
00882210;2029;0778;3427;3422;-20.000;-1.550
00969460;1869;0474;3423;3423;-20.000;-1.535
01056792;1630;0072;3421;3422;-20.000;-1.483
01144042;1283;0025;3426;3422;-20.000;-1.102
01231292;0947;0026;3423;3421;-20.000;-0.762
01318546;0617;0026;3423;3423;-20.000;-0.471
01405876;0425;0026;3423;3421;-20.000;-0.318
01493116;0351;0026;3421;3421;-20.000;-0.261
01580356;0245;0027;3423;3422;-20.000;-0.182
01667685;0115;0027;3425;3421;-20.000;-0.090
01754931;0081;0025;3427;3421;-20.000;-0.067
01842174;0049;0026;3424;3422;-20.000;-0.045
01929505;0047;0026;3428;3420;-20.000;-0.043
02016753;0048;0025;3423;3421;-20.000;-0.045
02103996;0051;0026;3415;3423;-20.000;-0.046
02191328;0048;0026;3420;3419;-20.000;-0.044
02278574;0049;0026;3415;3421;-20.000;-0.045
02365818;0048;0025;3421;3421;-20.000;-0.045
02453146;0051;0026;3421;3422;-20.000;-0.046
02540385;0050;0027;3420;3421;-20.000;-0.045
02627629;0048;0028;3417;3420;-20.000;-0.043
02714952;0051;0025;3421;3423;-20.000;-0.047
02802191;0050;0026;3415;3419;-20.000;-0.045
02889521;0048;0028;3417;3420;-20.000;-0.043
02976769;0050;0026;3415;3422;-20.000;-0.045
03064017;0050;0026;3421;3423;-20.000;-0.045
03151258;0048;0025;3421;3421;-20.000;-0.045
03238596;0049;0025;3420;3424;-20.000;-0.045
03325851;0049;0023;3423;3423;-20.000;-0.047
03413100;0049;0026;3417;3420;-20.000;-0.045
03500350;0048;0032;3421;3423;-20.000;-0.040
03587684;0052;0026;3415;3423;-20.000;-0.047
03674934;0048;0032;3421;3421;-20.000;-0.040
03762187;0049;0023;3419;3423;-20.000;-0.047
03849441;0050;0025;3420;3421;-20.000;-0.046
03936778;0049;0026;3420;3421;-20.000;-0.045
04024030;0048;0025;3421;3422;-20.000;-0.045
04111274;0048;0027;3421;3421;-20.000;-0.043
04198609;0049;0028;3417;3421;-20.000;-0.043
04285861;0048;0026;3423;3422;-20.000;-0.044
04373113;0049;0026;3422;3422;-20.000;-0.045
04460366;0051;0026;3423;3421;-20.000;-0.046
04547708;0048;0030;3422;3419;-20.000;-0.041
04634957;0051;0027;3426;3423;-20.000;-0.045
04722208;0052;0028;3426;3419;-20.000;-0.045
04809456;0045;0026;3421;3421;-20.000;-0.042
04896792;0048;0025;3426;3422;-20.000;-0.045
04984040;0049;0027;3424;3423;-20.000;-0.044
05071286;0050;0026;3423;3422;-20.000;-0.045
05158531;0048;0025;3423;3420;-20.000;-0.045
05245880;0050;0025;3422;3422;-20.000;-0.046
05333133;0050;0026;3423;3422;-20.000;-0.045
05420382;0048;0027;3426;3422;-20.000;-0.043
05507635;0048;0026;3422;3421;-20.000;-0.044
05594973;0049;0025;3426;3421;-20.000;-0.045
05682221;0051;0023;3423;3421;-20.000;-0.048
05769469;0048;0027;3423;3421;-20.000;-0.043
05856717;0048;0026;3425;3420;-20.000;-0.044
05944052;0050;0026;3429;3421;-20.000;-0.045
06031296;0046;0026;3423;3420;-20.000;-0.043
06118544;0049;0026;3427;3415;-20.000;-0.045
06205878;0048;0025;3426;3420;-20.000;-0.045
06293127;0050;0027;3428;3421;-20.000;-0.045
06380373;0050;0027;3424;3421;-20.000;-0.045
06467707;0049;0026;3422;3421;-20.000;-0.045
06554951;0048;0026;3424;3420;-20.000;-0.044
06642199;0050;0026;3423;3420;-20.000;-0.045
06729446;0049;0027;3428;3420;-20.000;-0.044
06816773;0047;0025;3422;3419;-20.000;-0.044
06904020;0048;0026;3424;3420;-20.000;-0.044
06991275;0049;0024;2921;2906;-4.431;-0.038
07078612;0051;0026;2614;2601;-3.316;-0.036
07165856;0049;0027;2296;2282;-2.548;-0.032
07253104;0049;0026;2051;2032;-2.089;-0.028
07340352;0048;0032;1833;1831;-1.759;-0.031
07427681;0048;0026;1663;1675;-1.534;-0.039
07514936;0050;0027;1570;1575;-1.409;-0.036
07602182;0051;0026;1536;1529;-1.359;-0.031
07689515;0050;0027;1437;1452;-1.253;-0.039
07776760;0050;0027;1321;1318;-1.111;-0.031
00054974;0050;0027;1194;1198;-0.978;-0.033
00142295;0049;0026;1122;1106;-0.895;-0.024
00229531;0048;0026;1050;1032;-0.823;-0.023
00316773;0048;0030;0994;0936;-0.749;-0.005
00404108;0051;0026;0896;0832;-0.656;-0.005
00491358;0051;0032;0841;0787;-0.609;-0.007
00578600;0048;0027;0732;0690;-0.522;-0.012
00665931;0049;0025;0651;0595;-0.448;-0.008
00753178;0049;0026;0536;0448;-0.342;+0.004
00840420;0048;0026;0434;0343;-0.262;+0.006
00927754;0048;0026;0320;0205;-0.169;+0.014
01014998;0049;0032;0217;0122;-0.099;+0.009
01102241;0051;0025;0142;0078;-0.059;-0.005
01189577;0048;0027;0089;0049;-0.031;-0.012
01276819;0048;0026;0072;0034;-0.021;-0.013
01364062;0048;0025;0051;0032;-0.013;-0.019
01451396;0048;0028;0045;0032;-0.010;-0.020
01538634;0049;0030;0037;0032;-0.006;-0.023
01625874;0049;0027;0035;0032;-0.007;-0.024
01713205;0048;0027;0034;0027;-0.005;-0.023
01800452;0048;0025;0034;0033;-0.008;-0.025
01887696;0049;0025;0032;0032;-0.006;-0.026
01975025;0049;0026;0035;0031;-0.007;-0.024
02062267;0049;0027;0032;0032;-0.006;-0.025
02149519;0048;0026;0033;0032;-0.007;-0.025
02236855;0048;0025;0032;0030;-0.006;-0.025
02324103;0051;0027;0035;0032;-0.006;-0.025
02411347;0048;0028;0034;0033;-0.007;-0.024
02498598;0047;0032;0035;0032;-0.006;-0.022
02585934;0048;0026;0035;0032;-0.007;-0.024
02673182;0049;0027;0034;0032;-0.006;-0.025
02760426;0048;0026;0035;0032;-0.007;-0.024
02847748;0046;0028;0034;0032;-0.007;-0.023
02934994;0049;0026;0032;0027;-0.004;-0.024
03022240;0048;0026;0032;0032;-0.006;-0.025
03109573;0048;0029;0033;0032;-0.006;-0.024
03196817;0048;0026;0034;0030;-0.006;-0.024
03284062;0048;0026;0033;0032;-0.007;-0.025
03371396;0049;0025;0032;0032;-0.006;-0.026
